{
	"name": "DBO_TOP_TEN_CUSTOMERS_EXPECTED",
	"properties": {
		"linkedServiceName": {
			"referenceName": "CloudDW",
			"type": "LinkedServiceReference"
		},
		"folder": {
			"name": "ODS/BI"
		},
		"annotations": [],
		"type": "AzureSqlTable",
		"schema": [],
		"typeProperties": {
			"schema": "dbo",
			"table": "TOP_TEN_CUSTOMERS_EXPECTED"
		}
	}
}